// Jest Snapshot v1, https://goo.gl/fbAQLP

exports[`balanceSheetOverTime should return correct results 1`] = `
Object {
  "2019-08-20": Object {
    "equity": 849754,
    "totalAssets": 1466122,
    "totalLiabilities": 616368,
  },
  "2019-08-21": Object {
    "equity": 849990,
    "totalAssets": 1466282,
    "totalLiabilities": 616292,
  },
  "2019-08-24": Object {
    "equity": 850700,
    "totalAssets": 1466765,
    "totalLiabilities": 616065,
  },
  "2019-08-25": Object {
    "equity": 850935,
    "totalAssets": 1466925,
    "totalLiabilities": 615990,
  },
  "2019-08-26": Object {
    "equity": 253470,
    "totalAssets": 869384,
    "totalLiabilities": 615914,
  },
  "2021-05-09": Object {
    "equity": 363462,
    "totalAssets": 930708,
    "totalLiabilities": 567246,
  },
  "2021-05-10": Object {
    "equity": 363646,
    "totalAssets": 930810,
    "totalLiabilities": 567164,
  },
  "2021-05-11": Object {
    "equity": 363829,
    "totalAssets": 930912,
    "totalLiabilities": 567083,
  },
  "2024-12-31": Object {
    "equity": 625809,
    "totalAssets": 1076974,
    "totalLiabilities": 451165,
  },
  "2025-01-01": Object {
    "equity": 626021,
    "totalAssets": 1077092,
    "totalLiabilities": 451071,
  },
  "2025-01-02": Object {
    "equity": 626233,
    "totalAssets": 1077210,
    "totalLiabilities": 450977,
  },
  "2025-01-05": Object {
    "equity": 626867,
    "totalAssets": 1077564,
    "totalLiabilities": 450697,
  },
}
`;
