exports[`Breadcrumbs should render a breadcrumb trail 1`] = `
<div
  className="breadcrumbs">
  <ul
    className="breadcrumbs-list">
    <li
      className="breadcrumbs-item">
      <Link
        className="breadcrumbs-link"
        replace={false}
        to="/link1">
        Link 1
      </Link>
    </li>
    <li
      className="breadcrumbs-item">
      <Link
        className="breadcrumbs-link"
        replace={false}
        to="/link2">
        Link 2
      </Link>
    </li>
  </ul>
</div>
`;
