exports[`Breadcrumbs should render using variable substitution 1`] = `
<div
  className="breadcrumbs">
  <ul
    className="breadcrumbs-list">
    <li
      className="breadcrumbs-item">
      <a
        className="breadcrumbs-link"
        href="/categories"
        onClick={[Function]}>
        Categories
      </a>
    </li>
    <li
      className="breadcrumbs-item">
      <a
        className="breadcrumbs-link"
        href="/categories/kitchenware"
        onClick={[Function]}>
        Kitchenware
      </a>
    </li>
    <li
      className="breadcrumbs-item">
      <a
        className="breadcrumbs-link"
        href="/categories/kitchenware/items/99"
        onClick={[Function]}>
        Long-Handled Spatula
      </a>
    </li>
  </ul>
</div>
`;
