// Jest Snapshot v1, https://goo.gl/fbAQLP

exports[`BalanceSheetChart should render 1`] = `
<AreaChart
  barCategoryGap="10%"
  barGap={4}
  data={
    Array [
      Object {
        "date": "1 Jan 2017",
        "equity": 155070,
        "totalAssets": 1000070,
        "totalLiabilities": 845000,
      },
      Object {
        "date": "2 Jan 2017",
        "equity": 165080,
        "totalAssets": 1000080,
        "totalLiabilities": 835000,
      },
    ]
  }
  height={400}
  layout="horizontal"
  margin={
    Object {
      "bottom": 5,
      "left": 5,
      "right": 5,
      "top": 5,
    }
  }
  stackOffset="none"
  width={900}
>
  <Area
    activeDot={true}
    animationBegin={0}
    animationDuration={1500}
    animationEasing="ease"
    connectNulls={false}
    dataKey="totalAssets"
    dot={false}
    fill="#3182bd"
    fillOpacity={0.6}
    hide={false}
    isAnimationActive={true}
    legendType="line"
    points={Array []}
    stroke="#3182bd"
    type="monotone"
    xAxisId={0}
    yAxisId={0}
  />
  <XAxis
    allowDataOverflow={false}
    allowDecimals={true}
    dataKey="date"
    domain={
      Array [
        0,
        "auto",
      ]
    }
    height={30}
    hide={false}
    mirror={false}
    orientation="bottom"
    padding={
      Object {
        "left": 0,
        "right": 0,
      }
    }
    reversed={false}
    scale="auto"
    tickCount={5}
    type="category"
    width={0}
    xAxisId={0}
  />
  <YAxis
    allowDataOverflow={false}
    allowDecimals={true}
    dataKey="totalAssets"
    domain={
      Array [
        0,
        "auto",
      ]
    }
    height={0}
    hide={false}
    mirror={false}
    orientation="left"
    padding={
      Object {
        "bottom": 0,
        "top": 0,
      }
    }
    reversed={false}
    scale="auto"
    tickCount={5}
    tickFormatter={[Function]}
    type="number"
    width={60}
    yAxisId={0}
  />
  <CartesianGrid
    fill="none"
    height={0}
    horizontal={true}
    horizontalPoints={Array []}
    stroke="#ccc"
    strokeDasharray="3 3"
    vertical={true}
    verticalPoints={Array []}
    width={0}
    x={0}
    y={0}
  />
  <Tooltip
    active={false}
    animationDuration={400}
    animationEasing="ease"
    coordinate={
      Object {
        "x": 0,
        "y": 0,
      }
    }
    cursor={true}
    cursorStyle={Object {}}
    formatter={[Function]}
    isAnimationActive={true}
    itemSorter={[Function]}
    itemStyle={Object {}}
    labelStyle={Object {}}
    offset={10}
    separator=" : "
    viewBox={
      Object {
        "x1": 0,
        "x2": 0,
        "y1": 0,
        "y2": 0,
      }
    }
    wrapperStyle={Object {}}
  />
</AreaChart>
`;
