// Jest Snapshot v1, https://goo.gl/fbAQLP

exports[`ListAssets should render some Assets 1`] = `
<div
  className="list-assets"
>
  <Breadcrumbs
    breadcrumbs={
      Array [
        Object {
          "display": "Portfolio",
          "path": "/portfolio",
        },
        Object {
          "display": "Assets",
          "path": "/portfolio/assets",
        },
      ]
    }
  />
  <p>
    <Link
      replace={false}
      to="/portfolio/assets/new"
    >
      New Asset
    </Link>
  </p>
  <ol
    className="assets"
  >
    <li
      className="asset"
    >
      <Link
        className="asset-name"
        replace={false}
        to="/portfolio/assets/73"
      >
        5 Sunrise St
      </Link>
    </li>
    <li
      className="asset"
    >
      <Link
        className="asset-name"
        replace={false}
        to="/portfolio/assets/87"
      >
        500 Waterworks Rd
      </Link>
      <div
        className="asset-last-valuation"
      >
        $550,000
      </div>
    </li>
  </ol>
</div>
`;
