// Jest Snapshot v1, https://goo.gl/fbAQLP

exports[`LoanForm should require current balance when in current mode 1`] = `
<CurrencyField
  errors={
    Array [
      "can't be blank",
    ]
  }
  focus="currentBalance"
  forceErrorDisplay={true}
  label="Current balance"
  name="currentBalance"
  onChange={[Function]}
  onFocus={[Function]}
/>
`;
