// Jest Snapshot v1, https://goo.gl/fbAQLP

exports[`putRealEstate should dispatch correct actions when successful 1`] = `
Array [
  Object {
    "done": false,
    "value": Object {
      "@@redux-saga/IO": true,
      "ALL": Array [
        Object {},
        Object {},
        Object {},
      ],
    },
  },
  Object {
    "done": true,
  },
]
`;
